// Jest Snapshot v1, https://goo.gl/fbAQLP

exports[`config should load default values 1`] = `
Object {
  "baseAPIRoute": "api",
  "db": Object {
    "password": "bunnyshell",
    "uri": "mongodb+srv://cluster0.jna5m.mongodb.net/eventdrivendb?retryWrites=true&w=majority",
    "username": "bunnyshell",
  },
  "environment": "dev",
  "jwtsecret": "bunnyshell",
  "messageTimeout": 500,
  "messagebus": "amqp://rabbitmq",
  "name": "User Management Service",
  "port": 8080,
  "services": Object {},
  "startedMessage": "User Management Service is running on port 8080/",
}
`;
